name: "@feed/infra"
description:
namespace: "Feed\\Infra\\"

export:
  - "Strings"

force-internal:

require:

