name: "@other"
description:
namespace: "\\"

export:
  - "other()"

force-internal:

require:
