name: "@feed"
namespace: "Feed111\\"

export:
  - "Post111"

force-internal:
  - "Post111::forceHidden()"

require:
  - "@utils"
  - "@message"
  - "@parent/child1/child2/child3"

