name: "@parent/child1/child2"
description: ""
namespace: "\\"

export:

force-internal:

require:

allow-internal-access:
  "@feed":
    - "@parent/child1/child2/child3"
