name: "@compiler1/lexer"
description: ""
namespace: "Compiler\\Lexer\\"

# "Public API" of the modulite: classes, functions, constants, etc.
# Symbols not listed here will be internal.
export:
  - "@compiler1/lexer/impl"
  - "Lexer"

# Class members to exclude, they override "export".
force-internal:

# Dependencies: other modulites, global classes, defines, etc.
require:

# Granting partial access to internal symbols, "as an exception".
allow-internal-access:
