name: "@messages"
description: ""
namespace: "\\Messages\\"

# "Public API" of the modulite: classes, functions, constants, etc.
# Symbols not listed here will be internal.
export:

# Class members to exclude, they override "export".
force-internal:

# Dependencies: other modulites, global classes, defines, etc.
require:
  - "@messages/core"

# Granting partial access to internal symbols, "as an exception".
allow-internal-access:
#  "\\main()":
#    - "@messages"
