name: "@time"
description: ""
namespace: "VK\\Common\\Time\\"

# "Public API" of the modulite: classes, functions, constants, etc.
# Symbols not listed here will be internal.
export:
  - "@time/test"
  - "@time/test"

# Class members to exclude, they override "export".
force-internal:

# Dependencies: other modulites, global classes, defines, etc.
require:
  - "#vk/common"

# Granting partial access to internal symbols, "as an exception".
allow-internal-access:
  "#vk/common/@time":
    - "@time/inner"
