name: "@feed"
description:
namespace: "Feed\\"

export:
  - "Post"

force-internal:

require:
  - "@feed/infra"

