name: "@msg/core"
namespace: "Messages\\Core\\"

export:
  - "Core"

force-internal:

require:
  - "@msg/channels"
