name: "@api/impl"
namespace: "API\\Impl\\"

export:
  - "ApiInternals"

force-internal:

require:
  - "@msg"
  - "@msg/channels"
  - "@api"

