name: "@module"
description: ""
namespace: "Module\\"

# "Public API" of the modulite: classes, functions, constants, etc.
# Symbols not listed here will be internal.
export:
  - "@module/depth2"

# Class members to exclude, they override "export".
force-internal:

# Dependencies: other modulites, global classes, defines, etc.
require:

# Granting partial access to internal symbols, "as an exception".
allow-internal-access:
  "\\main()":
    - "@module/inner"
  "\\MainClass":
    - "@module/inner"
  "\\MainClass2::main()":
    - "@module/inner"
