name: "@feed"
description: ""
namespace: "Feed003\\"

export:
  - "Post003"

force-internal:
  - "Post003::forceHidden()"
  - "Post003::HIDDEN"
  - "Post003::$HIDDEN"

require:
  - "@utils"
  - "@plain"
  - "@msg/core"
  - "@parent/child1/child2/child3"
  - "\\globalDemo()"

allow-internal-access:
  "\\Messages003\\User003::demo()":
    - "Post003::HIDDEN"
  "\\Messages003\\User003":
    - "Post003::$HIDDEN"
