name: "@messages"
description: ""
namespace: "Messages\\"

# "Public API" of the modulite: classes, functions, constants, etc.
# Symbols not listed here will be internal.
export:
  - "\\MODULE_DEFINE"
  - "MODULE_CONST"
  - "ModuleClass"
  - "module_function()"

# Class members to exclude, they override "export".
force-internal:

# Dependencies: other modulites, global classes, defines, etc.
require:

# Granting partial access to internal symbols, "as an exception".
allow-internal-access:
