name: "@api"
namespace: "API\\"

export:
  - "ApiCall"

force-internal:

require:
  - "@api/impl"

