name: "@compiler1"
description: ""
namespace: "Compiler\\"

# "Public API" of the modulite: classes, functions, constants, etc.
# Symbols not listed here will be internal.
export:

# Class members to exclude, they override "export".
force-internal:

# Dependencies: other modulites, global classes, defines, etc.
require:
  - "@compiler1/lexer"
  - "@compiler1/lexer/impl"
  - "@compiler1/lexer/impl2"
#   ^^^^^^^^^^^^^^^^^^^^^^^^
#   error: restricted to use @compiler1/lexer/impl2, it's internal in @compiler1/lexer

# Granting partial access to internal symbols, "as an exception".
allow-internal-access:
