<pre><span style="color:#000080;font-weight:bold;">modulite</span> <span style="color:#000000;">@module</span> <span style="color:#000000;">Module</span></pre>