name: "@compiler"
description: ""
namespace: "Compiler\\"

# "Public API" of the modulite: classes, functions, constants, etc.
# Symbols not listed here will be internal.
export:
  - "Compiler"

# Class members to exclude, they override "export".
force-internal:

# Dependencies: other modulites, global classes, defines, etc.
require:
  - "@compiler/lexer"
  - "@compiler/lexer/impl"

# Granting partial access to internal symbols, "as an exception".
allow-internal-access:
  "@legacy-compiler":
    - "@compiler/lexer"
