name: "@modulite-symbols-module"
namespace: "\\Module\\"
require:
  - "@modulite-symbols-module2"
