name: "@plain"
description:
namespace: "\\"

export:
  - "plain()"

force-internal:

require:
