name: "@parent"
description: ""
namespace: "\\"

export:

force-internal:

require:

allow-internal-access:
  "@feed":
    - "@parent/child1"
    
